**********************************************************************
** Visual Studio 2022 Developer PowerShell v17.14.40
** Copyright (c) 2025 Microsoft Corporation
**********************************************************************
-- Warning: ccache not found - consider installing it for faster compilation or disable this warning with GGML_CCACHE=OFF
-- CMAKE_SYSTEM_PROCESSOR: AMD64
-- CMAKE_GENERATOR_PLATFORM: 
-- GGML_SYSTEM_ARCH: x86
-- Including CPU backend
-- x86 detected
-- Adding CPU backend variant ggml-cpu: /arch:AVX512 GGML_AVX512
-- CUDA Toolkit found
-- Using CMAKE_CUDA_ARCHITECTURES=89-real CMAKE_CUDA_ARCHITECTURES_NATIVE=89-real
-- Could NOT find NCCL (missing: NCCL_LIBRARY NCCL_INCLUDE_DIR) 
-- Warning: NCCL not found, performance for multiple CUDA GPUs will be suboptimal
-- Including CUDA backend
-- ggml version: 0.13.0
-- ggml commit:  e705c5fe
-- Configuring done (3.3s)
-- Generating done (0.2s)
-- Build files have been written to: C:/Workspace/magpie-tts.cpp/build-cuda
[1/13] Building CXX object tests\CMakeFiles\test_codec_stream.dir\test_codec_stream.cpp.obj
[2/13] Building CXX object CMakeFiles\magpie-tts.dir\src\codec_stream.cpp.obj
C:\Workspace\magpie-tts.cpp\src\codec_stream.cpp(526): warning C4189: 'hp': la variable local se ha inicializado pero no se hace referencia a ella
[3/13] Building CXX object CMakeFiles\magpie-tts.dir\src\magpie_tts.cpp.obj
[4/13] Linking CXX shared library magpie-tts.dll
[5/13] Linking CXX executable examples\cli\magpie-cli.exe
[6/13] Linking CXX executable tests\test_model_load.exe
[7/13] Linking CXX executable tests\test_tokenizer_parity.exe
[8/13] Linking CXX executable tests\test_encoder_parity.exe
[9/13] Linking CXX executable tests\test_codec_parity.exe
[10/13] Linking CXX executable tests\test_decoder_parity.exe
[11/13] Linking CXX executable tests\test_lt_parity.exe
[12/13] Linking CXX executable tests\test_e2e_replay.exe
[13/13] Linking CXX executable tests\test_codec_stream.exe
BUILD OK: C:/Workspace/magpie-tts.cpp/build-cuda
